[2026-05-15 01:12:19,808] INFO: Scraping: Dairy (https://www.unimart.online/category/dairy)
[2026-05-15 01:12:19,853] INFO: Scraping: Meat & Fish (https://www.unimart.online/category/meat-and-fish)
[2026-05-15 01:12:31,448] INFO:   [+] Found 0 items
[2026-05-15 01:12:31,561] INFO: Scraping: Groceries (https://www.unimart.online/category/groceries)
[2026-05-15 01:12:33,372] INFO:   [+] Found 0 items
[2026-05-15 01:12:33,432] INFO: Scraping: Snacks (https://www.unimart.online/category/snacks)
[2026-05-15 01:12:44,887] INFO:   [+] Found 0 items
[2026-05-15 01:12:44,967] INFO: Scraping: Beverage (https://www.unimart.online/category/beverage)
[2026-05-15 01:12:46,378] INFO:   [+] Found 0 items
[2026-05-15 01:12:46,465] INFO: Scraping: Baby Care (https://www.unimart.online/category/baby-care)
[2026-05-15 01:12:58,168] INFO:   [+] Found 0 items
[2026-05-15 01:12:58,259] INFO: Scraping: Personal Care (https://www.unimart.online/category/personal-care)
[2026-05-15 01:12:59,519] INFO:   [+] Found 0 items
[2026-05-15 01:12:59,612] INFO: Scraping: Household (https://www.unimart.online/category/household)
[2026-05-15 01:13:10,743] INFO:   [+] Found 0 items
[2026-05-15 01:13:10,820] INFO: Scraping: Home & Kitchen (https://www.unimart.online/category/home-and-kitchen)
[2026-05-15 01:13:13,276] INFO:   [+] Found 0 items
[2026-05-15 01:13:23,713] INFO:   [+] Found 0 items
[2026-05-15 01:13:23,930] INFO: Unimart scraping complete.
[2026-05-18 00:28:19,069] INFO: Fetching categories from API...
[2026-05-18 00:28:26,262] INFO: Processing 147 categories...
[2026-05-18 00:29:43,077] INFO: Unimart API scraping complete.
[2026-05-18 00:42:48,788] INFO: Searching for 'a'...
[2026-05-18 00:42:52,416] INFO:   [+] Query 'a': Found 100 products (Offset: 0)
[2026-05-18 00:42:56,977] INFO:   [+] Query 'a': Found 100 products (Offset: 100)
[2026-05-18 00:42:58,267] INFO: Searching for 'e'...
[2026-05-18 00:43:02,582] INFO:   [+] Query 'e': Found 100 products (Offset: 0)
[2026-05-18 00:43:07,691] INFO:   [+] Query 'e': Found 100 products (Offset: 100)
[2026-05-18 00:43:08,920] INFO: Searching for 'i'...
[2026-05-18 00:43:13,866] INFO:   [+] Query 'i': Found 100 products (Offset: 0)
[2026-05-18 00:43:18,910] INFO:   [+] Query 'i': Found 100 products (Offset: 100)
[2026-05-18 00:43:20,141] INFO: Searching for 'o'...
[2026-05-18 00:43:24,155] INFO:   [+] Query 'o': Found 100 products (Offset: 0)
[2026-05-18 00:43:28,595] INFO:   [+] Query 'o': Found 100 products (Offset: 100)
[2026-05-18 00:43:29,847] INFO: Searching for 'u'...
[2026-05-18 00:43:34,848] INFO:   [+] Query 'u': Found 100 products (Offset: 0)
[2026-05-18 00:43:36,004] INFO: Unimart scraping complete. Total items in DB: 856
