[2026-05-17 20:16:25,670] INFO: Scraping: Chocolate (https://shotejbazar.com/product-category/chocolate/)
[2026-05-17 20:17:53,262] INFO:   [+] Found 329 items in grid. Starting deep extraction...
[2026-05-17 20:37:11,975] INFO: Scraping: Chocolate (https://shotejbazar.com/product-category/chocolate/)
[2026-05-17 20:38:38,429] INFO:   [+] Found 329 items in grid. Starting deep extraction...
[2026-05-17 20:44:03,090] INFO: Scraping: Food (https://shotejbazar.com/product-category/food/)
[2026-05-17 20:44:12,759] INFO:   [+] Found 19 items in grid. Starting deep extraction...
[2026-05-17 20:44:37,098] INFO: Scraping: Snacks (https://shotejbazar.com/product-category/snacks/)
[2026-05-17 20:44:49,336] INFO:   [+] Found 36 items in grid. Starting deep extraction...
[2026-05-17 20:45:36,552] INFO: Scraping: Cookies (https://shotejbazar.com/product-category/cookies/)
[2026-05-17 20:45:51,856] INFO:   [+] Found 43 items in grid. Starting deep extraction...
[2026-05-17 20:46:39,645] INFO: Scraping: Coffee (https://shotejbazar.com/product-category/coffee/)
[2026-05-17 20:46:57,423] INFO:   [+] Found 60 items in grid. Starting deep extraction...
[2026-05-17 20:48:15,643] INFO: ShotejBazar scraping complete.
[2026-05-17 21:27:09,898] INFO: Scraping: Chocolate (https://shotejbazar.com/product-category/chocolate/)
[2026-05-17 21:28:37,076] INFO:   [+] Found 329 items in grid. Starting deep extraction...
[2026-05-17 21:33:15,490] INFO: Scraping: Food (https://shotejbazar.com/product-category/food/)
[2026-05-17 21:33:24,282] INFO:   [+] Found 19 items in grid. Starting deep extraction...
[2026-05-17 21:33:41,556] INFO: Scraping: Snacks (https://shotejbazar.com/product-category/snacks/)
[2026-05-17 21:33:52,875] INFO:   [+] Found 36 items in grid. Starting deep extraction...
[2026-05-17 21:34:24,164] INFO: Scraping: Cookies (https://shotejbazar.com/product-category/cookies/)
[2026-05-17 21:34:38,724] INFO:   [+] Found 43 items in grid. Starting deep extraction...
[2026-05-17 21:35:14,960] INFO: Scraping: Coffee (https://shotejbazar.com/product-category/coffee/)
[2026-05-17 21:35:32,566] INFO:   [+] Found 60 items in grid. Starting deep extraction...
[2026-05-17 21:36:26,591] INFO: ShotejBazar scraping complete.
[2026-05-17 22:10:16,474] INFO: Scraping: Chocolate (https://shotejbazar.com/product-category/chocolate/)
[2026-05-17 22:11:43,001] INFO:   [+] Found 329 items in grid. Starting deep extraction...
[2026-05-17 22:16:32,764] INFO: Scraping: Food (https://shotejbazar.com/product-category/food/)
[2026-05-17 22:16:41,355] INFO:   [+] Found 19 items in grid. Starting deep extraction...
[2026-05-17 22:16:56,606] INFO: Scraping: Snacks (https://shotejbazar.com/product-category/snacks/)
[2026-05-17 22:17:44,478] INFO:   [+] Found 36 items in grid. Starting deep extraction...
[2026-05-17 22:18:14,941] INFO: Scraping: Cookies (https://shotejbazar.com/product-category/cookies/)
[2026-05-17 22:18:29,142] INFO:   [+] Found 43 items in grid. Starting deep extraction...
[2026-05-17 22:19:03,556] INFO: Scraping: Coffee (https://shotejbazar.com/product-category/coffee/)
[2026-05-17 22:19:20,894] INFO:   [+] Found 60 items in grid. Starting deep extraction...
[2026-05-17 22:20:11,042] INFO: ShotejBazar scraping complete.
